
> duolingo-clone@1.0.1 dev
> next dev

  ▲ Next.js 14.2.35
  - Local:        http://localhost:3000

 ✓ Starting...
Attention: Next.js now collects completely anonymous telemetry regarding usage.
This information is used to shape Next.js' roadmap and prioritize features.
You can learn more, including how to opt-out if you'd not like to participate in this anonymous program, by visiting the following URL:
https://nextjs.org/telemetry

 ✓ Ready in 2.4s
 ○ Compiling /middleware ...
 ✓ Compiled /middleware in 1253ms (195 modules)
 ○ Compiling /shop ...
Browserslist: caniuse-lite is outdated. Please run:
  npx update-browserslist-db@latest
  Why you should do it regularly: https://github.com/browserslist/update-db#readme
 ✓ Compiled /shop in 11.2s (1582 modules)
Error: No database connection string was provided to `neon()`. Perhaps an environment variable has not been set?
    at neon (webpack-internal:///(rsc)/./node_modules/@neondatabase/serverless/index.mjs:1288:57)
    at eval (webpack-internal:///(rsc)/./db/drizzle.ts:11:75)
    at (rsc)/./db/drizzle.ts (/app/.next/server/app/(main)/shop/page.js:826:1)
    at __webpack_require__ (/app/.next/server/webpack-runtime.js:33:42)
    at eval (webpack-internal:///(rsc)/./db/queries.ts:17:66)
    at (rsc)/./db/queries.ts (/app/.next/server/app/(main)/shop/page.js:848:1)
    at __webpack_require__ (/app/.next/server/webpack-runtime.js:33:42)
    at eval (webpack-internal:///(rsc)/./app/(main)/shop/page.tsx:13:69)
    at (rsc)/./app/(main)/shop/page.tsx (/app/.next/server/app/(main)/shop/page.js:512:1)
    at Function.__webpack_require__ (/app/.next/server/webpack-runtime.js:33:42)
    at async e7 (/app/node_modules/next/dist/compiled/next-server/app-page.runtime.dev.js:35:398716)
    at async tS (/app/node_modules/next/dist/compiled/next-server/app-page.runtime.dev.js:35:402230)
    at async tw (/app/node_modules/next/dist/compiled/next-server/app-page.runtime.dev.js:35:402791)
    at async tw (/app/node_modules/next/dist/compiled/next-server/app-page.runtime.dev.js:35:402922)
    at async tw (/app/node_modules/next/dist/compiled/next-server/app-page.runtime.dev.js:35:402922)
    at async tw (/app/node_modules/next/dist/compiled/next-server/app-page.runtime.dev.js:35:402922)
    at async tO (/app/node_modules/next/dist/compiled/next-server/app-page.runtime.dev.js:36:2320)
    at async /app/node_modules/next/dist/compiled/next-server/app-page.runtime.dev.js:36:2989 {
  digest: '3800345144'
}
 ⨯ Error: No database connection string was provided to `neon()`. Perhaps an environment variable has not been set?
    at eval (./db/drizzle.ts:11:75)
    at (rsc)/./db/drizzle.ts (/app/.next/server/app/(main)/shop/page.js:826:1)
    at __webpack_require__ (/app/.next/server/webpack-runtime.js:33:42)
    at eval (./db/queries.ts:17:66)
    at (rsc)/./db/queries.ts (/app/.next/server/app/(main)/shop/page.js:848:1)
    at __webpack_require__ (/app/.next/server/webpack-runtime.js:33:42)
    at eval (shop/page.tsx:13:69)
    at (rsc)/./app/(main)/shop/page.tsx (/app/.next/server/app/(main)/shop/page.js:512:1)
    at Function.__webpack_require__ (/app/.next/server/webpack-runtime.js:33:42)
    at async Promise.all (index 0)
    at async Promise.all (index 0)
    at async Promise.all (index 0)
digest: "1748665926"
 ⨯ Error: No database connection string was provided to `neon()`. Perhaps an environment variable has not been set?
    at eval (./db/drizzle.ts:11:75)
    at (rsc)/./db/drizzle.ts (/app/.next/server/app/(main)/shop/page.js:826:1)
    at __webpack_require__ (/app/.next/server/webpack-runtime.js:33:42)
    at eval (./db/queries.ts:17:66)
    at (rsc)/./db/queries.ts (/app/.next/server/app/(main)/shop/page.js:848:1)
    at __webpack_require__ (/app/.next/server/webpack-runtime.js:33:42)
    at eval (shop/page.tsx:13:69)
    at (rsc)/./app/(main)/shop/page.tsx (/app/.next/server/app/(main)/shop/page.js:512:1)
    at Function.__webpack_require__ (/app/.next/server/webpack-runtime.js:33:42)
    at async Promise.all (index 0)
    at async Promise.all (index 0)
    at async Promise.all (index 0)
digest: "1748665926"
 ⨯ Error: No database connection string was provided to `neon()`. Perhaps an environment variable has not been set?
    at eval (./db/drizzle.ts:11:75)
    at (rsc)/./db/drizzle.ts (/app/.next/server/app/(main)/shop/page.js:826:1)
    at __webpack_require__ (/app/.next/server/webpack-runtime.js:33:42)
    at eval (./db/queries.ts:17:66)
    at (rsc)/./db/queries.ts (/app/.next/server/app/(main)/shop/page.js:848:1)
    at __webpack_require__ (/app/.next/server/webpack-runtime.js:33:42)
    at eval (shop/page.tsx:13:69)
    at (rsc)/./app/(main)/shop/page.tsx (/app/.next/server/app/(main)/shop/page.js:512:1)
    at Function.__webpack_require__ (/app/.next/server/webpack-runtime.js:33:42)
digest: "3800345144"
 ⨯ Error: No database connection string was provided to `neon()`. Perhaps an environment variable has not been set?
    at neon (webpack-internal:///(rsc)/./node_modules/@neondatabase/serverless/index.mjs:1288:57)
    at eval (webpack-internal:///(rsc)/./db/drizzle.ts:11:75)
    at (rsc)/./db/drizzle.ts (/app/.next/server/app/(main)/shop/page.js:826:1)
    at __webpack_require__ (/app/.next/server/webpack-runtime.js:33:42)
    at eval (webpack-internal:///(rsc)/./db/queries.ts:17:66)
    at (rsc)/./db/queries.ts (/app/.next/server/app/(main)/shop/page.js:848:1)
    at __webpack_require__ (/app/.next/server/webpack-runtime.js:33:42)
    at eval (webpack-internal:///(rsc)/./app/(main)/shop/page.tsx:13:69)
    at (rsc)/./app/(main)/shop/page.tsx (/app/.next/server/app/(main)/shop/page.js:512:1)
    at Function.__webpack_require__ (/app/.next/server/webpack-runtime.js:33:42)
    at async e7 (/app/node_modules/next/dist/compiled/next-server/app-page.runtime.dev.js:35:398716)
    at async tS (/app/node_modules/next/dist/compiled/next-server/app-page.runtime.dev.js:35:402230)
    at async tw (/app/node_modules/next/dist/compiled/next-server/app-page.runtime.dev.js:35:402791)
    at async tw (/app/node_modules/next/dist/compiled/next-server/app-page.runtime.dev.js:35:402922)
    at async tw (/app/node_modules/next/dist/compiled/next-server/app-page.runtime.dev.js:35:402922)
    at async tw (/app/node_modules/next/dist/compiled/next-server/app-page.runtime.dev.js:35:402922)
    at async tO (/app/node_modules/next/dist/compiled/next-server/app-page.runtime.dev.js:36:2320)
    at async /app/node_modules/next/dist/compiled/next-server/app-page.runtime.dev.js:36:2989 {
  digest: '3800345144',
  page: '/shop'
}
 ○ Compiling /_error ...
<w> [webpack.cache.PackFileCacheStrategy] Serializing big strings (150kiB) impacts deserialization performance (consider using Buffer instead and decode when needed)
 ✓ Compiled /_error in 11.7s (1785 modules)
 GET /shop 500 in 23240ms
 ○ Compiling /learn ...
 ✓ Compiled /learn in 771ms (1829 modules)
 ⨯ Error: No database connection string was provided to `neon()`. Perhaps an environment variable has not been set?
    at eval (./db/drizzle.ts:11:75)
    at (rsc)/./db/drizzle.ts (/app/.next/server/app/(main)/learn/page.js:744:1)
    at __webpack_require__ (/app/.next/server/webpack-runtime.js:33:42)
    at eval (./db/queries.ts:17:66)
    at (rsc)/./db/queries.ts (/app/.next/server/app/(main)/learn/page.js:755:1)
    at __webpack_require__ (/app/.next/server/webpack-runtime.js:33:42)
    at eval (learn/page.tsx:13:69)
    at (rsc)/./app/(main)/learn/page.tsx (/app/.next/server/app/(main)/learn/page.js:419:1)
    at Function.__webpack_require__ (/app/.next/server/webpack-runtime.js:33:42)
    at async Promise.all (index 0)
    at async Promise.all (index 0)
    at async Promise.all (index 0)
digest: "347028178"
 ⨯ Error: No database connection string was provided to `neon()`. Perhaps an environment variable has not been set?
    at eval (./db/drizzle.ts:11:75)
    at (rsc)/./db/drizzle.ts (/app/.next/server/app/(main)/learn/page.js:744:1)
    at __webpack_require__ (/app/.next/server/webpack-runtime.js:33:42)
    at eval (./db/queries.ts:17:66)
    at (rsc)/./db/queries.ts (/app/.next/server/app/(main)/learn/page.js:755:1)
    at __webpack_require__ (/app/.next/server/webpack-runtime.js:33:42)
    at eval (learn/page.tsx:13:69)
    at (rsc)/./app/(main)/learn/page.tsx (/app/.next/server/app/(main)/learn/page.js:419:1)
    at Function.__webpack_require__ (/app/.next/server/webpack-runtime.js:33:42)
    at async Promise.all (index 0)
    at async Promise.all (index 0)
    at async Promise.all (index 0)
digest: "347028178"
 ⨯ Error: No database connection string was provided to `neon()`. Perhaps an environment variable has not been set?
    at eval (./db/drizzle.ts:11:75)
    at (rsc)/./db/drizzle.ts (/app/.next/server/app/(main)/learn/page.js:744:1)
    at __webpack_require__ (/app/.next/server/webpack-runtime.js:33:42)
    at eval (./db/queries.ts:17:66)
    at (rsc)/./db/queries.ts (/app/.next/server/app/(main)/learn/page.js:755:1)
    at __webpack_require__ (/app/.next/server/webpack-runtime.js:33:42)
    at eval (learn/page.tsx:13:69)
    at (rsc)/./app/(main)/learn/page.tsx (/app/.next/server/app/(main)/learn/page.js:419:1)
    at Function.__webpack_require__ (/app/.next/server/webpack-runtime.js:33:42)
digest: "1891139818"
 ⚠ Fast Refresh had to perform a full reload due to a runtime error.
 GET /learn 500 in 1064ms
Error: No database connection string was provided to `neon()`. Perhaps an environment variable has not been set?
    at neon (webpack-internal:///(rsc)/./node_modules/@neondatabase/serverless/index.mjs:1288:57)
    at eval (webpack-internal:///(rsc)/./db/drizzle.ts:11:75)
    at (rsc)/./db/drizzle.ts (/app/.next/server/app/(main)/learn/page.js:744:1)
    at __webpack_require__ (/app/.next/server/webpack-runtime.js:33:42)
    at eval (webpack-internal:///(rsc)/./db/queries.ts:17:66)
    at (rsc)/./db/queries.ts (/app/.next/server/app/(main)/learn/page.js:755:1)
    at __webpack_require__ (/app/.next/server/webpack-runtime.js:33:42)
    at eval (webpack-internal:///(rsc)/./app/(main)/learn/page.tsx:13:69)
    at (rsc)/./app/(main)/learn/page.tsx (/app/.next/server/app/(main)/learn/page.js:419:1)
    at Function.__webpack_require__ (/app/.next/server/webpack-runtime.js:33:42)
    at async e7 (/app/node_modules/next/dist/compiled/next-server/app-page.runtime.dev.js:35:398716)
    at async tS (/app/node_modules/next/dist/compiled/next-server/app-page.runtime.dev.js:35:402230)
    at async tw (/app/node_modules/next/dist/compiled/next-server/app-page.runtime.dev.js:35:402791)
    at async tw (/app/node_modules/next/dist/compiled/next-server/app-page.runtime.dev.js:35:402922)
    at async tw (/app/node_modules/next/dist/compiled/next-server/app-page.runtime.dev.js:35:402922)
    at async tw (/app/node_modules/next/dist/compiled/next-server/app-page.runtime.dev.js:35:402922)
    at async tO (/app/node_modules/next/dist/compiled/next-server/app-page.runtime.dev.js:36:2320)
    at async /app/node_modules/next/dist/compiled/next-server/app-page.runtime.dev.js:36:2989 {
  digest: '1891139818'
}
 ⨯ Error: No database connection string was provided to `neon()`. Perhaps an environment variable has not been set?
    at neon (webpack-internal:///(rsc)/./node_modules/@neondatabase/serverless/index.mjs:1288:57)
    at eval (webpack-internal:///(rsc)/./db/drizzle.ts:11:75)
    at (rsc)/./db/drizzle.ts (/app/.next/server/app/(main)/learn/page.js:744:1)
    at __webpack_require__ (/app/.next/server/webpack-runtime.js:33:42)
    at eval (webpack-internal:///(rsc)/./db/queries.ts:17:66)
    at (rsc)/./db/queries.ts (/app/.next/server/app/(main)/learn/page.js:755:1)
    at __webpack_require__ (/app/.next/server/webpack-runtime.js:33:42)
    at eval (webpack-internal:///(rsc)/./app/(main)/learn/page.tsx:13:69)
    at (rsc)/./app/(main)/learn/page.tsx (/app/.next/server/app/(main)/learn/page.js:419:1)
    at Function.__webpack_require__ (/app/.next/server/webpack-runtime.js:33:42)
    at async e7 (/app/node_modules/next/dist/compiled/next-server/app-page.runtime.dev.js:35:398716)
    at async tS (/app/node_modules/next/dist/compiled/next-server/app-page.runtime.dev.js:35:402230)
    at async tw (/app/node_modules/next/dist/compiled/next-server/app-page.runtime.dev.js:35:402791)
    at async tw (/app/node_modules/next/dist/compiled/next-server/app-page.runtime.dev.js:35:402922)
    at async tw (/app/node_modules/next/dist/compiled/next-server/app-page.runtime.dev.js:35:402922)
    at async tw (/app/node_modules/next/dist/compiled/next-server/app-page.runtime.dev.js:35:402922)
    at async tO (/app/node_modules/next/dist/compiled/next-server/app-page.runtime.dev.js:36:2320)
    at async /app/node_modules/next/dist/compiled/next-server/app-page.runtime.dev.js:36:2989 {
  digest: '1891139818',
  page: '/learn'
}
